<html>
<body>
<pre>
<h1>µVision Build Log</h1>
<h2>Tool Versions:</h2>
IDE-Version: µVision V5.37.0.0
Copyright (C) 2022 ARM Ltd and ARM Germany GmbH. All rights reserved.
License Information: none none, none, LIC=6XJT4-FIKV0-GQA0H-WUQJM-FF88H-NAI8S
 
Tool Versions:
Toolchain:       MDK-ARM Professional  Version: 5.37.0.0
Toolchain Path:  C:\Keil_v5\ARM\ARM_Compiler_5.06u7\Bin
C Compiler:      Armcc.exe V5.03 [Build 24]
Assembler:       Armasm.exe V5.03.0.24
Linker/Locator:  ArmLink.exe V5.03.0.24
Library Manager: ArmAr.exe V5.03.0.24
Hex Converter:   FromElf.exe V5.03.0.24
CPU DLL:         SARMCM3.DLL V5.37.0.0
Dialog DLL:      DCM.DLL V1.17.5.0
Target DLL:      STLink\ST-LINKIII-KEIL_SWO.dll V3.0.9.0
Dialog DLL:      TCM.DLL V1.56.1.0
 
<h2>Project:</h2>
C:\Users\wtsh\Documents\GitHub\DSRC\Firmware\401\MDK-ARM\401.uvprojx
Project File Date:  03/08/2023

<h2>Output:</h2>
*** Using Compiler 'V5.03 [Build 24]', folder: 'C:\Keil_v5\ARM\ARM_Compiler_5.06u7\Bin'
Build target '401'
compiling main.c...
linking...
Program Size: Code=11192 RO-data=544 RW-data=152 ZI-data=20352  
FromELF: creating hex file...
"401\401.axf" - 0 Error(s), 0 Warning(s).

<h2>Software Packages used:</h2>

Package Vendor: ARM
                http://www.keil.com/pack/ARM.CMSIS.5.9.0.pack
                ARM.CMSIS.5.9.0
                CMSIS (Common Microcontroller Software Interface Standard)
   * Component: CORE Version: 5.6.0

Package Vendor: Keil
                https://www.keil.com/pack/Keil.STM32F4xx_DFP.2.17.0.pack
                Keil.STM32F4xx_DFP.2.17.0
                STMicroelectronics STM32F4 Series Device Support, Drivers and Examples

<h2>Collection of Component include folders:</h2>
  ./RTE/_401
  C:/Users/wtsh/AppData/Local/Arm/Packs/ARM/CMSIS/5.9.0/CMSIS/Core/Include
  C:/Users/wtsh/AppData/Local/Arm/Packs/Keil/STM32F4xx_DFP/2.17.0/Drivers/CMSIS/Device/ST/STM32F4xx/Include

<h2>Collection of Component Files used:</h2>

   * Component: ARM::CMSIS:CORE:5.6.0
      Include file:  CMSIS/Core/Include/tz_context.h
Build Time Elapsed:  00:00:03
</pre>
</body>
</html>
